2025-12-03 23:10:53,898 - SCF.Daemon - INFO - 🟢 SCF Sovereign Daemon Booting Up...
🛠 Setting up Mock Environment...
   Created mock fossil at data/daemon_test_env/fossil_vault/fossil-test-001.json
🚀 Starting Daemon Test...
   Daemon Module MODEL_ZOO: data/daemon_test_env/model_zoo
   Daemon running... waiting for processing...
🟢 SCF Sovereign Daemon Booting Up...
2025-12-03 23:10:53,898 - SCF.Daemon - INFO -    Root Drive: data/daemon_test_env
   Root Drive: data/daemon_test_env
2025-12-03 23:10:53,899 - SCF.Daemon - INFO - Trifecta Cycle Start (Gear=STANDARD) | Processing: fossil-test-001.json
Trifecta Cycle Start (Gear=STANDARD) | Processing: fossil-test-001.json
2025-12-03 23:10:53,899 - SCF.Daemon - INFO - Dispatching Job job-f13ff19f to GPU Worker...
Dispatching Job job-f13ff19f to GPU Worker...
2025-12-03 23:10:53,901 - SCF.Daemon - INFO -    Waiting for checkpoint in: data/daemon_test_env/model_zoo
   Waiting for checkpoint in: data/daemon_test_env/model_zoo
2025-12-03 23:11:23,900 - SCF.Daemon - INFO - Daemon cancelled.
   Processed Fossils: []
   Checkpoints: []
   ZK Proofs: []
   Vault Contents: ['fossil-test-001.json', 'fossil-test-001.json.lock']
   --- Log: worker-job-f13ff19f.log ---
2025-12-03 23:10:53,935 - SCF.GPUWorker - INFO - 👷 GPU Worker Started | Job: job-f13ff19f | Fossil: fossil-test-001.json
2025-12-03 23:10:53,935 - SCF.GPUWorker - INFO -    Executing: /Users/industriverse/industriverse_github_clone/industriverse/.venv/bin/python3 -m src.scf.training.train_ebdm --fossil data/daemon_test_env/fossil_vault/fossil-test-001.json --out /Users/industriverse/industriverse_github_clone/industriverse/data/daemon_test_env/model_zoo/ckpt-job-f13ff19f-1764828653.pt --epochs 1 --batch_size 32 --fossils 1
2025-12-03 23:10:54,016 - SCF.TrainEBDM - INFO - 🚀 Starting EBDM Training Loop
2025-12-03 23:10:54,016 - SCF.TrainEBDM - INFO -    Fossils: data/daemon_test_env/fossil_vault/fossil-test-001.json
2025-12-03 23:10:54,016 - SCF.TrainEBDM - INFO -    Output: /Users/industriverse/industriverse_github_clone/industriverse/data/daemon_test_env/model_zoo/ckpt-job-f13ff19f-1764828653.pt
2025-12-03 23:10:54,016 - SCF.TrainEBDM - INFO -    Device: cpu
2025-12-03 23:10:54,016 - SCF.TrainEBDM - INFO -    --- Epoch 1 ---
2025-12-03 23:10:54,016 - SCF.TrainEBDM - INFO - ✅ Training Complete. Saved to /Users/industriverse/industriverse_github_clone/industriverse/data/daemon_test_env/model_zoo/ckpt-job-f13ff19f-1764828653.pt
2025-12-03 23:10:54,024 - SCF.GPUWorker - INFO - ✅ Training Job Complete. Checkpoint: ckpt-job-f13ff19f-1764828653.pt

   ---------------------------
Daemon cancelled.
2025-12-03 23:11:23,900 - SCF.Daemon - INFO - 🔴 Daemon Stopped.
🔴 Daemon Stopped.
Traceback (most recent call last):
  File "<frozen runpy>", line 198, in _run_module_as_main
  File "<frozen runpy>", line 88, in _run_code
  File "/Users/industriverse/industriverse_github_clone/industriverse/src/scf/tests/verify_daemon_bootstrap.py", line 120, in <module>
    asyncio.run(run_test())
    ~~~~~~~~~~~^^^^^^^^^^^^
  File "/opt/homebrew/Cellar/python@3.14/3.14.0_1/Frameworks/Python.framework/Versions/3.14/lib/python3.14/asyncio/runners.py", line 204, in run
    return runner.run(main)
           ~~~~~~~~~~^^^^^^
  File "/opt/homebrew/Cellar/python@3.14/3.14.0_1/Frameworks/Python.framework/Versions/3.14/lib/python3.14/asyncio/runners.py", line 127, in run
    return self._loop.run_until_complete(task)
           ~~~~~~~~~~~~~~~~~~~~~~~~~~~~~^^^^^^
  File "/opt/homebrew/Cellar/python@3.14/3.14.0_1/Frameworks/Python.framework/Versions/3.14/lib/python3.14/asyncio/base_events.py", line 719, in run_until_complete
    return future.result()
           ~~~~~~~~~~~~~^^
  File "/Users/industriverse/industriverse_github_clone/industriverse/src/scf/tests/verify_daemon_bootstrap.py", line 110, in run_test
    assert len(processed_files) > 0, "Fossil was not archived!"
           ^^^^^^^^^^^^^^^^^^^^^^^^
AssertionError: Fossil was not archived!
